// Jest Snapshot v1, https://goo.gl/fbAQLP

exports[`<AudioPlayer /> render suit <AudioPlayer /> render case 1`] = `
Array [
  <button
    className="track__button track__button--pause"
    disabled={false}
    onClick={[Function]}
    type="button"
  />,
  <div
    className="track__status"
  >
    <audio />
  </div>,
]
`;
